
Discarded input sections

 .data          0x00000000        0x0 ./3.3.o
 .bss           0x00000000        0x0 ./3.3.o

Memory Configuration

Name             Origin             Length             Attributes
flash            0x00000000         0x00040000
ram              0x40000000         0x00004000
*default*        0x00000000         0xffffffff

Linker script and memory map

LOAD ./3.3.o
                0x40001edc                _stack_end = 0x40001edc

.text           0x40000000       0x88
 *(startupa)
 *(.text)
 .text          0x40000000       0x88 ./3.3.o
                0x40000000                _startup
 *(.rodata)
 *(.rodata*)
 *(.glue_7)
 .glue_7        0x00000000        0x0 linker stubs
 *(.glue_7t)
 .glue_7t       0x00000000        0x0 linker stubs
                0x40000088                _etext = .

.vfp11_veneer   0x40000088        0x0
 .vfp11_veneer  0x00000000        0x0 linker stubs

.v4_bx          0x40000088        0x0
 .v4_bx         0x00000000        0x0 linker stubs

.iplt           0x40000088        0x0
 .iplt          0x00000000        0x0 ./3.3.o

.rel.dyn        0x40000088        0x0
 .rel.iplt      0x00000000        0x0 ./3.3.o

.data           0x40000088        0x0
                0x40000088                _data = .
 *(.data)
                0x40000088                _edata = .

.igot.plt       0x40000088        0x0
 .igot.plt      0x00000000        0x0 ./3.3.o

.bss            0x40000088        0x0
                0x40000088                _bss_start = .
 *(.bss)
                0x40000088                . = ALIGN (0x4)
                0x40000088                _bss_end = .
                0x40000088                _end = .
OUTPUT(Mikrorechner_Blatt_3.elf elf32-littlearm)

.ARM.attributes
                0x00000000       0x22
 .ARM.attributes
                0x00000000       0x22 ./3.3.o

.debug_line     0x00000000       0x5b
 .debug_line    0x00000000       0x5b ./3.3.o

.debug_info     0x00000000       0x6b
 .debug_info    0x00000000       0x6b ./3.3.o

.debug_abbrev   0x00000000       0x14
 .debug_abbrev  0x00000000       0x14 ./3.3.o

.debug_aranges  0x00000000       0x20
 .debug_aranges
                0x00000000       0x20 ./3.3.o
