
Discarded input sections

 .bss           0x00000000        0x0 ./2.3.o

Memory Configuration

Name             Origin             Length             Attributes
flash            0x00000000         0x00040000
ram              0x40000000         0x00004000
*default*        0x00000000         0xffffffff

Linker script and memory map

LOAD ./2.3.o
                0x40001edc                _stack_end = 0x40001edc

.text           0x40000000       0x3c
 *(startupa)
 *(.text)
 .text          0x40000000       0x3c ./2.3.o
                0x40000000                _startup
 *(.rodata)
 *(.rodata*)
 *(.glue_7)
 .glue_7        0x00000000        0x0 linker stubs
 *(.glue_7t)
 .glue_7t       0x00000000        0x0 linker stubs
                0x4000003c                _etext = .

.vfp11_veneer   0x4000003c        0x0
 .vfp11_veneer  0x00000000        0x0 linker stubs

.v4_bx          0x4000003c        0x0
 .v4_bx         0x00000000        0x0 linker stubs

.iplt           0x4000003c        0x0
 .iplt          0x00000000        0x0 ./2.3.o

.rel.dyn        0x4000003c        0x0
 .rel.iplt      0x00000000        0x0 ./2.3.o

.data           0x4000003c       0x14
                0x4000003c                _data = .
 *(.data)
 .data          0x4000003c       0x14 ./2.3.o
                0x40000050                _edata = .

.igot.plt       0x40000050        0x0
 .igot.plt      0x00000000        0x0 ./2.3.o

.bss            0x40000050        0x0
                0x40000050                _bss_start = .
 *(.bss)
                0x40000050                . = ALIGN (0x4)
                0x40000050                _bss_end = .
                0x40000050                _end = .
OUTPUT(Mikrorechner_Blatt_2.elf elf32-littlearm)

.ARM.attributes
                0x00000000       0x22
 .ARM.attributes
                0x00000000       0x22 ./2.3.o

.debug_line     0x00000000       0x48
 .debug_line    0x00000000       0x48 ./2.3.o

.debug_info     0x00000000       0x6b
 .debug_info    0x00000000       0x6b ./2.3.o

.debug_abbrev   0x00000000       0x14
 .debug_abbrev  0x00000000       0x14 ./2.3.o

.debug_aranges  0x00000000       0x20
 .debug_aranges
                0x00000000       0x20 ./2.3.o
