21:09:35 **** Incremental Build of configuration Debug for project Mikrorechner_Blatt_4 ****
make all 
Building file: ../5.1.S
Invoking: Cross ARM GNU Assembler
arm-none-eabi-gcc -mcpu=arm7tdmi-s -marm -O0 -fmessage-length=0 -fsigned-char -ffunction-sections -fdata-sections  -g3 -x assembler-with-cpp -MMD -MP -MF"5.1.d" -MT"5.1.o" -c -o "5.1.o" "../5.1.S"
Finished building: ../5.1.S
 
Building target: Mikrorechner_Blatt_4.elf
Invoking: Cross ARM C Linker
arm-none-eabi-gcc -mcpu=arm7tdmi-s -marm -O0 -fmessage-length=0 -fsigned-char -ffunction-sections -fdata-sections  -g3 -T "C:\Users\Sascha\workspace_neon\Mikrorechner_Blatt_4\LPC-H212X-A_ram.cmd" -nostartfiles -nodefaultlibs -nostdlib -Xlinker --gc-sections -Wl,-Map,"Mikrorechner_Blatt_4.map" -o "Mikrorechner_Blatt_4.elf"  ./5.1.o   
Finished building target: Mikrorechner_Blatt_4.elf
 
Invoking: Cross ARM GNU Create Flash Image
arm-none-eabi-objcopy -O ihex "Mikrorechner_Blatt_4.elf"  "Mikrorechner_Blatt_4.hex"
Finished building: Mikrorechner_Blatt_4.hex
 
Invoking: Cross ARM GNU Print Size
arm-none-eabi-size --format=berkeley "Mikrorechner_Blatt_4.elf"
   text	   data	    bss	    dec	    hex	filename
     72	      0	      0	     72	     48	Mikrorechner_Blatt_4.elf
Finished building: Mikrorechner_Blatt_4.siz
 

21:09:35 Build Finished (took 436ms)

